------------------------------------------------------------
Timing Analyzer Summary
------------------------------------------------------------

Type  : Slow 1200mV 100C Model Setup 'input_clk'
Slack : 0.535
TNS   : 0.000

Type  : Slow 1200mV 100C Model Setup 'output_clk'
Slack : 11.210
TNS   : 0.000

Type  : Slow 1200mV 100C Model Hold 'input_clk'
Slack : 0.283
TNS   : 0.000

Type  : Slow 1200mV 100C Model Hold 'output_clk'
Slack : 0.395
TNS   : 0.000

Type  : Slow 1200mV 100C Model Minimum Pulse Width 'input_clk'
Slack : 6.249
TNS   : 0.000

Type  : Slow 1200mV 100C Model Minimum Pulse Width 'output_clk'
Slack : 6.637
TNS   : 0.000

Type  : Slow 1200mV -40C Model Setup 'input_clk'
Slack : 2.154
TNS   : 0.000

Type  : Slow 1200mV -40C Model Setup 'output_clk'
Slack : 11.559
TNS   : 0.000

Type  : Slow 1200mV -40C Model Hold 'input_clk'
Slack : 0.283
TNS   : 0.000

Type  : Slow 1200mV -40C Model Hold 'output_clk'
Slack : 0.283
TNS   : 0.000

Type  : Slow 1200mV -40C Model Minimum Pulse Width 'input_clk'
Slack : 6.247
TNS   : 0.000

Type  : Slow 1200mV -40C Model Minimum Pulse Width 'output_clk'
Slack : 6.609
TNS   : 0.000

Type  : Fast 1200mV -40C Model Setup 'input_clk'
Slack : 7.350
TNS   : 0.000

Type  : Fast 1200mV -40C Model Setup 'output_clk'
Slack : 12.122
TNS   : 0.000

Type  : Fast 1200mV -40C Model Hold 'input_clk'
Slack : 0.095
TNS   : 0.000

Type  : Fast 1200mV -40C Model Hold 'output_clk'
Slack : 0.114
TNS   : 0.000

Type  : Fast 1200mV -40C Model Minimum Pulse Width 'input_clk'
Slack : 5.900
TNS   : 0.000

Type  : Fast 1200mV -40C Model Minimum Pulse Width 'output_clk'
Slack : 6.467
TNS   : 0.000

------------------------------------------------------------
